USE banque_demo;
Database changed
mysql> UPDATE compte SET solde = solde + 100 WHERE titulaire = 'Alice';
Query OK, 1 row affected (0.02 sec)
Rows matched: 1  Changed: 1  Warnings: 0

mysql> COMMIT;
Query OK, 0 rows affected (0.00 sec)

mysql> UPDATE compte SET solde = solde + 100 WHERE titulaire = 'Alice';
Query OK, 1 row affected (0.02 sec)
Rows matched: 1  Changed: 1  Warnings: 0

mysql> COMMIT;
Query OK, 0 rows affected (0.00 sec)

mysql> UPDATE compte SET solde = solde + 100 WHERE titulaire = 'Alice';
Query OK, 1 row affected (15.24 sec)
Rows matched: 1  Changed: 1  Warnings: 0

mysql> UPDATE compte SET solde = solde + 10.00 WHERE titulaire = 'Alice';
ERROR 1205 (HY000): Lock wait timeout exceeded; try restarting transaction
mysql> COMMIT;
Query OK, 0 rows affected (0.00 sec)

mysql> UPDATE compte SET solde = solde + 10.00 WHERE titulaire = 'Alice';
Query OK, 1 row affected (7.90 sec)
Rows matched: 1  Changed: 1  Warnings: 0

mysql> UPDATE compte SET solde = solde + 10.00 WHERE titulaire = 'Alice';